******************************************************************************
                  TI ARM Linker PC v18.12.1                    
******************************************************************************
>> Linked Sun Jan 22 22:18:07 2023

OUTPUT FILE NAME:   <8_PWM_LED.out>
ENTRY POINT SYMBOL: "_c_int00_noargs"  address: 0000041d


MEMORY CONFIGURATION

         name            origin    length      used     unused   attr    fill
----------------------  --------  ---------  --------  --------  ----  --------
  FLASH                 00000000   00040000  0000048a  0003fb76  R  X
  SRAM                  20000000   00008000  00000204  00007dfc  RW X


SEGMENT ALLOCATION MAP

run origin  load origin   length   init length attrs members
----------  ----------- ---------- ----------- ----- -------
00000000    00000000    0000048c   0000048c    r-x
  00000000    00000000    0000026c   0000026c    r-- .intvecs
  0000026c    0000026c    0000020a   0000020a    r-x .text
  00000478    00000478    00000014   00000014    r-- .cinit
20000000    20000000    00000204   00000000    rw-
  20000000    20000000    00000200   00000000    rw- .stack
  20000200    20000200    00000004   00000000    rw- .bss


SECTION ALLOCATION MAP

 output                                  attributes/
section   page    origin      length       input sections
--------  ----  ----------  ----------   ----------------
.intvecs   0    00000000    0000026c     
                  00000000    0000026c     tm4c123gh6pm_startup_ccs.obj (.intvecs)

.text      0    0000026c    0000020a     
                  0000026c    000000c0     pwm.obj (.text)
                  0000032c    00000070     main.obj (.text)
                  0000039c    00000044     rtsv7M4_T_le_v4SPD16_eabi.lib : autoinit.c.obj (.text:__TI_auto_init_nobinit_nopinit:__TI_auto_init_nobinit_nopinit)
                  000003e0    0000003c     systick.obj (.text)
                  0000041c    00000034     rtsv7M4_T_le_v4SPD16_eabi.lib : boot_cortex_m.c.obj (.text:_c_int00_noargs:_c_int00_noargs)
                  00000450    00000012                                   : copy_zero_init.c.obj (.text:decompress:ZI:__TI_zero_init_nomemset:__TI_zero_init_nomemset)
                  00000462    0000000c     tm4c123gh6pm_startup_ccs.obj (.text)
                  0000046e    00000004     rtsv7M4_T_le_v4SPD16_eabi.lib : pre_init.c.obj (.text:_system_pre_init)
                  00000472    00000004                                   : exit.c.obj (.text:abort:abort)

.cinit     0    00000478    00000014     
                  00000478    00000008     (.cinit..bss.load) [load image, compression = zero_init]
                  00000480    00000004     (__TI_handler_table)
                  00000484    00000008     (__TI_cinit_table)

.init_array 
*          0    00000000    00000000     UNINITIALIZED

.bss       0    20000200    00000004     UNINITIALIZED
                  20000200    00000004     (.common:g_uiSysFlags)

.stack     0    20000000    00000200     UNINITIALIZED
                  20000000    00000004     rtsv7M4_T_le_v4SPD16_eabi.lib : boot_cortex_m.c.obj (.stack)
                  20000004    000001fc     --HOLE--

MODULE SUMMARY

       Module                         code   ro data   rw data
       ------                         ----   -------   -------
    .\
       tm4c123gh6pm_startup_ccs.obj   12     620       0      
       pwm.obj                        192    0         0      
       main.obj                       112    0         4      
       systick.obj                    60     0         0      
    +--+------------------------------+------+---------+---------+
       Total:                         376    620       4      
                                                              
    C:\ti\ccs901\ccs\tools\compiler\ti-cgt-arm_18.12.1.LTS\lib\rtsv7M4_T_le_v4SPD16_eabi.lib
       autoinit.c.obj                 68     0         0      
       boot_cortex_m.c.obj            52     0         0      
       copy_zero_init.c.obj           18     0         0      
       exit.c.obj                     4      0         0      
       pre_init.c.obj                 4      0         0      
    +--+------------------------------+------+---------+---------+
       Total:                         146    0         0      
                                                              
       Stack:                         0      0         512    
       Linker Generated:              0      20        0      
    +--+------------------------------+------+---------+---------+
       Grand Total:                   522    640       516    


LINKER GENERATED COPY TABLES

__TI_cinit_table @ 00000484 records: 1, size/record: 8, table size: 8
	.bss: load addr=00000478, load size=00000008 bytes, run addr=20000200, run size=00000004 bytes, compression=zero_init


LINKER GENERATED HANDLER TABLE

__TI_handler_table @ 00000480 records: 1, size/record: 4, table size: 4
	index: 0, handler: __TI_zero_init


GLOBAL SYMBOLS: SORTED ALPHABETICALLY BY Name 

address   name                          
-------   ----                          
00000473  C$$EXIT                       
00000357  Delay_ms                      
0000026d  PWM_Init                      
00000463  ResetISR                      
000003e1  SysTick_Init                  
000003fd  SysTick_IntHandler            
20000200  __STACK_END                   
00000200  __STACK_SIZE                  
20000200  __STACK_TOP                   
00000484  __TI_CINIT_Base               
0000048c  __TI_CINIT_Limit              
00000480  __TI_Handler_Table_Base       
00000484  __TI_Handler_Table_Limit      
0000039d  __TI_auto_init_nobinit_nopinit
ffffffff  __TI_pprof_out_hndl           
ffffffff  __TI_prof_data_size           
ffffffff  __TI_prof_data_start          
00000000  __TI_static_base__            
00000451  __TI_zero_init_nomemset       
ffffffff  __binit__                     
ffffffff  __c_args__                    
UNDEFED   __mpu_init                    
20000000  __stack                       
0000041d  _c_int00_noargs               
UNDEFED   _system_post_cinit            
0000046f  _system_pre_init              
00000473  abort                         
ffffffff  binit                         
00000000  g_pfnVectors                  
20000200  g_uiSysFlags                  
0000032d  main                          


GLOBAL SYMBOLS: SORTED BY Symbol Address 

address   name                          
-------   ----                          
00000000  __TI_static_base__            
00000000  g_pfnVectors                  
00000200  __STACK_SIZE                  
0000026d  PWM_Init                      
0000032d  main                          
00000357  Delay_ms                      
0000039d  __TI_auto_init_nobinit_nopinit
000003e1  SysTick_Init                  
000003fd  SysTick_IntHandler            
0000041d  _c_int00_noargs               
00000451  __TI_zero_init_nomemset       
00000463  ResetISR                      
0000046f  _system_pre_init              
00000473  C$$EXIT                       
00000473  abort                         
00000480  __TI_Handler_Table_Base       
00000484  __TI_CINIT_Base               
00000484  __TI_Handler_Table_Limit      
0000048c  __TI_CINIT_Limit              
20000000  __stack                       
20000200  __STACK_END                   
20000200  __STACK_TOP                   
20000200  g_uiSysFlags                  
ffffffff  __TI_pprof_out_hndl           
ffffffff  __TI_prof_data_size           
ffffffff  __TI_prof_data_start          
ffffffff  __binit__                     
ffffffff  __c_args__                    
ffffffff  binit                         
UNDEFED   __mpu_init                    
UNDEFED   _system_post_cinit            

[31 symbols]
