******************************************************************************
                  TI ARM Linker PC v18.12.1                    
******************************************************************************
>> Linked Thu Jan 19 18:57:26 2023

OUTPUT FILE NAME:   <2_GPIO_BUTTON.out>
ENTRY POINT SYMBOL: "_c_int00_noargs"  address: 0000043d


MEMORY CONFIGURATION

         name            origin    length      used     unused   attr    fill
----------------------  --------  ---------  --------  --------  ----  --------
  FLASH                 00000000   00040000  000004aa  0003fb56  R  X
  SRAM                  20000000   00008000  0000020c  00007df4  RW X


SEGMENT ALLOCATION MAP

run origin  load origin   length   init length attrs members
----------  ----------- ---------- ----------- ----- -------
00000000    00000000    000004ac   000004ac    r-x
  00000000    00000000    0000026c   0000026c    r-- .intvecs
  0000026c    0000026c    0000022a   0000022a    r-x .text
  00000498    00000498    00000014   00000014    r-- .cinit
20000000    20000000    0000020c   00000000    rw-
  20000000    20000000    00000200   00000000    rw- .stack
  20000200    20000200    0000000c   00000000    rw- .bss


SECTION ALLOCATION MAP

 output                                  attributes/
section   page    origin      length       input sections
--------  ----  ----------  ----------   ----------------
.intvecs   0    00000000    0000026c     
                  00000000    0000026c     tm4c123gh6pm_startup_ccs.obj (.intvecs)

.text      0    0000026c    0000022a     
                  0000026c    000000f4     contact.obj (.text)
                  00000360    00000098     main.obj (.text)
                  000003f8    00000044     rtsv7M4_T_le_v4SPD16_eabi.lib : autoinit.c.obj (.text:__TI_auto_init_nobinit_nopinit:__TI_auto_init_nobinit_nopinit)
                  0000043c    00000034                                   : boot_cortex_m.c.obj (.text:_c_int00_noargs:_c_int00_noargs)
                  00000470    00000012                                   : copy_zero_init.c.obj (.text:decompress:ZI:__TI_zero_init_nomemset:__TI_zero_init_nomemset)
                  00000482    0000000c     tm4c123gh6pm_startup_ccs.obj (.text)
                  0000048e    00000004     rtsv7M4_T_le_v4SPD16_eabi.lib : pre_init.c.obj (.text:_system_pre_init)
                  00000492    00000004                                   : exit.c.obj (.text:abort:abort)

.cinit     0    00000498    00000014     
                  00000498    00000008     (.cinit..bss.load) [load image, compression = zero_init]
                  000004a0    00000004     (__TI_handler_table)
                  000004a4    00000008     (__TI_cinit_table)

.init_array 
*          0    00000000    00000000     UNINITIALIZED

.bss       0    20000200    0000000c     UNINITIALIZED
                  20000200    0000000c     (.common:g_SW1)

.stack     0    20000000    00000200     UNINITIALIZED
                  20000000    00000004     rtsv7M4_T_le_v4SPD16_eabi.lib : boot_cortex_m.c.obj (.stack)
                  20000004    000001fc     --HOLE--

MODULE SUMMARY

       Module                         code   ro data   rw data
       ------                         ----   -------   -------
    .\
       tm4c123gh6pm_startup_ccs.obj   12     620       0      
       contact.obj                    244    0         0      
       main.obj                       152    0         12     
    +--+------------------------------+------+---------+---------+
       Total:                         408    620       12     
                                                              
    C:\ti\ccs901\ccs\tools\compiler\ti-cgt-arm_18.12.1.LTS\lib\rtsv7M4_T_le_v4SPD16_eabi.lib
       autoinit.c.obj                 68     0         0      
       boot_cortex_m.c.obj            52     0         0      
       copy_zero_init.c.obj           18     0         0      
       exit.c.obj                     4      0         0      
       pre_init.c.obj                 4      0         0      
    +--+------------------------------+------+---------+---------+
       Total:                         146    0         0      
                                                              
       Stack:                         0      0         512    
       Linker Generated:              0      20        0      
    +--+------------------------------+------+---------+---------+
       Grand Total:                   554    640       524    


LINKER GENERATED COPY TABLES

__TI_cinit_table @ 000004a4 records: 1, size/record: 8, table size: 8
	.bss: load addr=00000498, load size=00000008 bytes, run addr=20000200, run size=0000000c bytes, compression=zero_init


LINKER GENERATED HANDLER TABLE

__TI_handler_table @ 000004a0 records: 1, size/record: 4, table size: 4
	index: 0, handler: __TI_zero_init


GLOBAL SYMBOLS: SORTED ALPHABETICALLY BY Name 

address   name                          
-------   ----                          
00000493  C$$EXIT                       
0000026d  CONTACT_Init                  
000002b7  CONTACT_Sample                
000003c5  Initialize                    
00000483  ResetISR                      
20000200  __STACK_END                   
00000200  __STACK_SIZE                  
20000200  __STACK_TOP                   
000004a4  __TI_CINIT_Base               
000004ac  __TI_CINIT_Limit              
000004a0  __TI_Handler_Table_Base       
000004a4  __TI_Handler_Table_Limit      
000003f9  __TI_auto_init_nobinit_nopinit
ffffffff  __TI_pprof_out_hndl           
ffffffff  __TI_prof_data_size           
ffffffff  __TI_prof_data_start          
00000000  __TI_static_base__            
00000471  __TI_zero_init_nomemset       
ffffffff  __binit__                     
ffffffff  __c_args__                    
UNDEFED   __mpu_init                    
20000000  __stack                       
0000043d  _c_int00_noargs               
UNDEFED   _system_post_cinit            
0000048f  _system_pre_init              
00000493  abort                         
ffffffff  binit                         
20000200  g_SW1                         
00000000  g_pfnVectors                  
00000361  main                          


GLOBAL SYMBOLS: SORTED BY Symbol Address 

address   name                          
-------   ----                          
00000000  __TI_static_base__            
00000000  g_pfnVectors                  
00000200  __STACK_SIZE                  
0000026d  CONTACT_Init                  
000002b7  CONTACT_Sample                
00000361  main                          
000003c5  Initialize                    
000003f9  __TI_auto_init_nobinit_nopinit
0000043d  _c_int00_noargs               
00000471  __TI_zero_init_nomemset       
00000483  ResetISR                      
0000048f  _system_pre_init              
00000493  C$$EXIT                       
00000493  abort                         
000004a0  __TI_Handler_Table_Base       
000004a4  __TI_CINIT_Base               
000004a4  __TI_Handler_Table_Limit      
000004ac  __TI_CINIT_Limit              
20000000  __stack                       
20000200  __STACK_END                   
20000200  __STACK_TOP                   
20000200  g_SW1                         
ffffffff  __TI_pprof_out_hndl           
ffffffff  __TI_prof_data_size           
ffffffff  __TI_prof_data_start          
ffffffff  __binit__                     
ffffffff  __c_args__                    
ffffffff  binit                         
UNDEFED   __mpu_init                    
UNDEFED   _system_post_cinit            

[30 symbols]
